
2025/07/19 17:18:26 logger.go:41: Logger initialized with rotation
2025/07/19 17:18:48 logger.go:41: Logger initialized with rotation
2025/07/19 17:25:17 logger.go:41: Logger initialized with rotation
2025/07/19 17:25:23 logger.go:41: Logger initialized with rotation
2025/07/19 17:31:03 logger.go:41: Logger initialized with rotation
2025/07/19 17:31:09 logger.go:41: Logger initialized with rotation
2025/07/22 23:32:38 logger.go:41: Logger initialized with rotation
2025/07/22 23:33:13 logger.go:41: Logger initialized with rotation
2025/07/23 00:05:33 logger.go:41: Logger initialized with rotation
2025/07/23 00:05:42 logger.go:41: Logger initialized with rotation
2025/07/23 00:06:56 logger.go:41: Logger initialized with rotation
2025/07/23 00:07:15 main.go:113: Starting download: URL=https://soundcloud.com/will-mccurry-896547014/sets/test?si=245793a9fe374aeb87b977fe6b38bd7e&utm_source=clipboard&utm_medium=text&utm_campaign=social_sharing, Name=test_playlist, Format=wav, Dir=
2025/07/23 00:07:15 main.go:126: Using default output directory: /Users/will/Downloads/GrooveSync
2025/07/23 00:25:29 logger.go:41: Logger initialized with rotation
2025/07/23 00:25:38 logger.go:41: Logger initialized with rotation
2025/07/23 00:25:43 logger.go:41: Logger initialized with rotation
2025/07/23 00:26:14 main.go:113: Starting download: URL=https://soundcloud.com/will-mccurry-896547014/sets/test?si=6c8bb0b50a624ef78dc74aa41f7dc440&utm_source=clipboard&utm_medium=text&utm_campaign=social_sharing, Name=testing, Format=wav, Dir=
2025/07/23 00:26:14 main.go:126: Using default output directory: /Users/will/Downloads/GrooveSync
2025/07/23 00:29:58 logger.go:41: Logger initialized with rotation
2025/07/23 00:30:08 logger.go:41: Logger initialized with rotation
2025/07/23 00:30:47 logger.go:41: Logger initialized with rotation
2025/07/23 00:30:58 logger.go:41: Logger initialized with rotation
2025/07/23 00:31:01 logger.go:41: Logger initialized with rotation
2025/07/23 00:31:12 logger.go:41: Logger initialized with rotation
2025/07/23 00:31:24 main.go:112: Starting download: URL=https://soundcloud.com/will-mccurry-896547014/sets/test?si=069bc1041cc34bc8ac57aab9b9e3d012&utm_source=clipboard&utm_medium=text&utm_campaign=social_sharing, Name=testing, Format=wav, Dir=
2025/07/23 00:31:24 main.go:125: Using default output directory: /Users/will/Downloads/GrooveSync
2025/07/23 00:39:05 logger.go:41: Logger initialized with rotation
2025/07/23 00:39:13 logger.go:41: Logger initialized with rotation
2025/07/23 00:39:18 logger.go:41: Logger initialized with rotation
2025/07/23 00:39:35 main.go:112: Starting download: URL=https://soundcloud.com/will-mccurry-896547014/sets/test?si=1efaab1eb4474ab0ba075fec279f9b7d&utm_source=clipboard&utm_medium=text&utm_campaign=social_sharing, Name=testing, Format=wav, Dir=
2025/07/23 00:39:35 main.go:125: Using default output directory: /Users/will/Downloads/GrooveSync
2025/07/23 00:53:44 logger.go:41: Logger initialized with rotation
2025/07/23 00:53:53 logger.go:41: Logger initialized with rotation
2025/07/23 00:54:00 logger.go:41: Logger initialized with rotation
2025/07/23 00:54:10 main.go:112: Starting download: URL=https://soundcloud.com/will-mccurry-896547014/sets/test?si=700f9b0835d240e39389791b16b28891&utm_source=clipboard&utm_medium=text&utm_campaign=social_sharing, Name=testing, Format=wav, Dir=
2025/07/23 00:54:10 main.go:125: Using default output directory: /Users/will/Downloads/GrooveSync
2025/07/23 00:58:34 logger.go:41: Logger initialized with rotation
2025/07/23 00:58:43 logger.go:41: Logger initialized with rotation
2025/07/23 00:58:48 logger.go:41: Logger initialized with rotation
2025/07/23 00:59:00 main.go:112: Starting download: URL=https://soundcloud.com/will-mccurry-896547014/sets/test?si=74ff47bc80f5446bbaa51cee6f051a7b&utm_source=clipboard&utm_medium=text&utm_campaign=social_sharing, Name=testing, Format=wav, Dir=
2025/07/23 00:59:00 main.go:125: Using default output directory: /Users/will/Downloads/GrooveSync
2025/07/23 01:07:49 logger.go:41: Logger initialized with rotation
2025/07/23 01:08:29 logger.go:41: Logger initialized with rotation
2025/07/23 01:08:37 logger.go:41: Logger initialized with rotation
2025/07/23 01:08:42 logger.go:41: Logger initialized with rotation
2025/07/23 01:08:52 main.go:112: Starting download: URL=https://soundcloud.com/will-mccurry-896547014/sets/test?si=69ac70f18d124bfc90c98e81dc8ae62b&utm_source=clipboard&utm_medium=text&utm_campaign=social_sharing, Name=testing, Format=wav, Dir=
2025/07/23 01:08:52 main.go:125: Using default output directory: /Users/will/Downloads/GrooveSync
2025/07/23 02:17:56 logger.go:41: Logger initialized with rotation
2025/07/23 02:18:06 logger.go:41: Logger initialized with rotation
2025/07/23 02:18:12 logger.go:41: Logger initialized with rotation
2025/07/23 02:18:22 main.go:112: Starting download: URL=https://soundcloud.com/will-mccurry-896547014/sets/test?si=cd74f138a6754e9e9a3bf4b1a1f1960b&utm_source=clipboard&utm_medium=text&utm_campaign=social_sharing, Name=testing, Format=wav, Dir=
2025/07/23 02:18:22 main.go:125: Using default output directory: /Users/will/Downloads/GrooveSync
2025/07/23 02:28:15 logger.go:41: Logger initialized with rotation
2025/07/23 02:28:22 logger.go:41: Logger initialized with rotation
2025/07/23 02:28:31 logger.go:41: Logger initialized with rotation
2025/07/23 02:28:36 logger.go:41: Logger initialized with rotation
2025/07/23 02:28:48 main.go:112: Starting download: URL=https://soundcloud.com/will-mccurry-896547014/sets/test?si=a3d9cc84ff134a0dad689e1623884f1f&utm_source=clipboard&utm_medium=text&utm_campaign=social_sharing, Name=testing, Format=wav, Dir=
2025/07/23 02:28:48 main.go:125: Using default output directory: /Users/will/Downloads/GrooveSync
2025/07/23 02:33:48 logger.go:41: Logger initialized with rotation
2025/07/23 02:33:56 logger.go:41: Logger initialized with rotation
2025/07/23 02:34:01 logger.go:41: Logger initialized with rotation
2025/07/23 02:34:21 main.go:112: Starting download: URL=https://soundcloud.com/will-mccurry-896547014/sets/test?si=736ef51972724f0baae2c29e2d078c57&utm_source=clipboard&utm_medium=text&utm_campaign=social_sharing, Name=testing, Format=wav, Dir=
2025/07/23 02:34:21 main.go:125: Using default output directory: /Users/will/Downloads/GrooveSync
2025/07/23 02:41:40 logger.go:41: Logger initialized with rotation
2025/07/23 02:41:48 logger.go:41: Logger initialized with rotation
2025/07/23 02:41:53 logger.go:41: Logger initialized with rotation
2025/07/23 02:42:08 main.go:112: Starting download: URL=https://soundcloud.com/will-mccurry-896547014/sets/test?si=d8c60bf4e71a493ea254408762d2cd19&utm_source=clipboard&utm_medium=text&utm_campaign=social_sharing, Name=testing, Format=wav, Dir=
2025/07/23 02:42:08 main.go:125: Using default output directory: /Users/will/Downloads/GrooveSync
2025/07/23 10:44:47 logger.go:41: Logger initialized with rotation
2025/07/23 10:45:00 logger.go:41: Logger initialized with rotation
2025/07/23 10:45:06 logger.go:41: Logger initialized with rotation
2025/07/23 10:46:50 main.go:112: Starting download: URL=https://soundcloud.com/will-mccurry-896547014/sets/test?si=f0a1e6e66b9b41719431ef213603971a&utm_source=clipboard&utm_medium=text&utm_campaign=social_sharing, Name=testing, Format=wav, Dir=
2025/07/23 10:46:50 main.go:125: Using default output directory: /Users/will/Downloads/GrooveSync
2025/07/23 11:01:39 logger.go:41: Logger initialized with rotation
2025/07/23 11:06:36 logger.go:41: Logger initialized with rotation
2025/07/23 11:09:11 logger.go:41: Logger initialized with rotation
2025/07/23 11:16:09 logger.go:41: Logger initialized with rotation
2025/07/23 11:16:29 logger.go:41: Logger initialized with rotation
2025/07/23 11:23:26 logger.go:41: Logger initialized with rotation
2025/07/23 11:23:48 logger.go:41: Logger initialized with rotation
2025/07/23 11:24:07 logger.go:41: Logger initialized with rotation
2025/07/23 11:24:15 logger.go:41: Logger initialized with rotation
2025/07/23 11:24:20 logger.go:41: Logger initialized with rotation
2025/07/23 11:24:35 main.go:112: Starting download: URL=https://soundcloud.com/will-mccurry-896547014/sets/test?si=1a6853f9f47b4329880b39fccc7904dd&utm_source=clipboard&utm_medium=text&utm_campaign=social_sharing, Name=testing, Format=wav, Dir=
2025/07/23 11:24:35 main.go:125: Using default output directory: /Users/will/Downloads/GrooveSync
2025/07/23 11:49:40 logger.go:41: Logger initialized with rotation
2025/07/23 11:49:50 logger.go:41: Logger initialized with rotation
2025/07/23 11:49:54 logger.go:41: Logger initialized with rotation
2025/07/23 11:50:03 logger.go:41: Logger initialized with rotation
2025/07/23 11:50:18 main.go:112: Starting download: URL=https://soundcloud.com/will-mccurry-896547014/sets/test?si=ab1da39be4b74feead911833ee63d904&utm_source=clipboard&utm_medium=text&utm_campaign=social_sharing, Name=testing, Format=wav, Dir=
2025/07/23 11:50:18 main.go:125: Using default output directory: /Users/will/Downloads/GrooveSync
2025/07/23 11:55:32 logger.go:41: Logger initialized with rotation
2025/07/23 11:55:40 logger.go:41: Logger initialized with rotation
2025/07/23 11:55:45 logger.go:41: Logger initialized with rotation
2025/07/23 11:56:22 main.go:112: Starting download: URL=https://soundcloud.com/will-mccurry-896547014/sets/test?si=0d6f7cf2b27c4a6891cc73825c28e1f2&utm_source=clipboard&utm_medium=text&utm_campaign=social_sharing, Name=testing_1, Format=wav, Dir=
2025/07/23 11:56:22 main.go:125: Using default output directory: /Users/will/Downloads/GrooveSync
2025/07/23 12:28:19 logger.go:41: Logger initialized with rotation
2025/07/23 12:28:41 logger.go:41: Logger initialized with rotation
2025/07/23 12:29:00 logger.go:41: Logger initialized with rotation
2025/07/23 12:29:08 logger.go:41: Logger initialized with rotation
2025/07/23 12:29:13 logger.go:41: Logger initialized with rotation
2025/07/23 12:29:27 main.go:117: Starting download: URL=https://soundcloud.com/will-mccurry-896547014/sets/test?si=e5a8a17d91f34652883c44fdd03f09c7&utm_source=clipboard&utm_medium=text&utm_campaign=social_sharing, Name=testing_123, Format=wav, Dir=(default)
2025/07/23 12:29:27 main.go:130: Using default output directory: /Users/will/Downloads/GrooveSync
2025/07/23 12:29:54 logger.go:41: Logger initialized with rotation
2025/07/23 12:30:03 logger.go:41: Logger initialized with rotation
2025/07/23 12:30:08 logger.go:41: Logger initialized with rotation
2025/07/23 12:30:33 main.go:117: Starting download: URL=https://soundcloud.com/will-mccurry-896547014/sets/test?si=7c27a20a931841cd960705d01850d536&utm_source=clipboard&utm_medium=text&utm_campaign=social_sharing, Name=testing_123, Format=wav, Dir=/Users/will/Desktop
2025/07/23 12:42:44 logger.go:41: Logger initialized with rotation
2025/07/23 12:42:52 logger.go:41: Logger initialized with rotation
2025/07/23 12:42:57 logger.go:41: Logger initialized with rotation
2025/07/23 12:53:36 logger.go:41: Logger initialized with rotation
2025/07/23 12:53:58 logger.go:41: Logger initialized with rotation
2025/07/23 12:55:44 logger.go:41: Logger initialized with rotation
2025/07/23 12:55:53 logger.go:41: Logger initialized with rotation
2025/07/23 12:55:58 logger.go:41: Logger initialized with rotation
2025/07/23 12:56:34 main.go:117: Starting download: URL=https://soundcloud.com/will-mccurry-896547014/sets/test?si=8c72a1195ea94aedb550cc108bd48000&utm_source=clipboard&utm_medium=text&utm_campaign=social_sharing, Name=testing123, Format=wav, Dir=(default)
2025/07/23 12:56:34 main.go:130: Using default output directory: /Users/will/Downloads/GrooveSync
2025/07/23 13:00:36 logger.go:41: Logger initialized with rotation
2025/07/23 13:01:05 logger.go:41: Logger initialized with rotation
2025/07/23 13:01:56 logger.go:41: Logger initialized with rotation
2025/07/23 13:02:05 logger.go:41: Logger initialized with rotation
2025/07/23 13:02:11 logger.go:41: Logger initialized with rotation
2025/07/23 13:07:27 logger.go:41: Logger initialized with rotation
2025/07/23 13:07:41 logger.go:41: Logger initialized with rotation
2025/07/23 13:12:59 logger.go:41: Logger initialized with rotation
2025/07/23 13:13:09 logger.go:41: Logger initialized with rotation
2025/07/23 13:13:15 logger.go:41: Logger initialized with rotation
2025/07/23 14:21:40 logger.go:41: Logger initialized with rotation
2025/07/23 14:21:47 logger.go:41: Logger initialized with rotation
2025/07/23 14:22:07 logger.go:41: Logger initialized with rotation
2025/07/23 14:22:21 logger.go:41: Logger initialized with rotation
2025/07/23 14:22:29 logger.go:41: Logger initialized with rotation
2025/07/23 14:22:34 logger.go:41: Logger initialized with rotation
2025/07/23 14:22:47 main.go:117: Starting download: URL=https://soundcloud.com/will-mccurry-896547014/sets/test?si=18dee464509e460a8a39579dfeea586e&utm_source=clipboard&utm_medium=text&utm_campaign=social_sharing, Name=testing123, Format=wav, Dir=(default)
2025/07/23 14:22:47 main.go:130: Using default output directory: /Users/will/Downloads/GrooveSync
2025/10/04 14:44:17 logger.go:41: Logger initialized with rotation
2025/10/04 14:55:20 logger.go:41: Logger initialized with rotation
2025/10/04 14:55:29 logger.go:41: Logger initialized with rotation
2025/10/04 15:01:26 logger.go:41: Logger initialized with rotation
2025/10/04 15:01:36 logger.go:41: Logger initialized with rotation
2025/10/04 15:02:24 logger.go:41: Logger initialized with rotation
2025/10/04 15:05:08 main.go:119: Starting download: URL=https://soundcloud.com/user-116622885/sets/whiskey-july-5?si=417ba22dd6fc4417a532bd8cf2380d5a&utm_source=clipboard&utm_medium=text&utm_campaign=social_sharing, Name=Poppin_vocals, Format=wav, Dir=(default)
2025/10/04 15:05:08 main.go:134: Using default output directory: /Users/will/Downloads/GrooveSync
2025/10/04 15:05:09 main.go:145: Failed to fetch playlist metadata: exit status 1
2025/10/04 15:40:53 logger.go:41: Logger initialized with rotation
2025/10/04 15:41:00 logger.go:41: Logger initialized with rotation
2025/10/04 15:41:27 logger.go:41: Logger initialized with rotation
2025/10/04 15:41:47 main.go:119: Starting download: URL=https://soundcloud.com/user-116622885/sets/poppin-vocalz?si=bb49393a79884f48862b5ead6565f750&utm_source=clipboard&utm_medium=text&utm_campaign=social_sharing, Name=Poppin_vocals, Format=wav, Dir=(default)
2025/10/04 15:41:47 main.go:134: Using default output directory: /Users/will/Downloads/GrooveSync
2025/10/04 15:41:49 main.go:169: Emitting 0 tracks to frontend
2025/10/04 15:41:49 main.go:385: Created download job: &{ID:job_1759606909790739000 URL:https://soundcloud.com/user-116622885/sets/poppin-vocalz?si=bb49393a79884f48862b5ead6565f750&utm_source=clipboard&utm_medium=text&utm_campaign=social_sharing Title:Poppin_vocals Status:queued Progress:0 Format:wav OutputPath:/Users/will/Downloads/GrooveSync/Poppin_vocals CreatedAt:2025-10-04T15:41:49-04:00 Error: Type:playlist}
2025/10/04 15:44:34 logger.go:41: Logger initialized with rotation
2025/10/04 15:44:42 logger.go:41: Logger initialized with rotation
2025/10/04 15:44:44 logger.go:41: Logger initialized with rotation
2025/10/04 15:44:49 main.go:119: Starting download: URL=https://soundcloud.com/will-mccurry-896547014/sets/test?si=cc4040519f6e491dbee9bc4735f34f6b&utm_source=clipboard&utm_medium=text&utm_campaign=social_sharing, Name=Test, Format=wav, Dir=(default)
2025/10/04 15:44:49 main.go:134: Using default output directory: /Users/will/Downloads/GrooveSync
2025/10/04 15:44:50 main.go:169: Emitting 0 tracks to frontend
2025/10/04 15:44:50 main.go:385: Created download job: &{ID:job_1759607090833414000 URL:https://soundcloud.com/will-mccurry-896547014/sets/test?si=cc4040519f6e491dbee9bc4735f34f6b&utm_source=clipboard&utm_medium=text&utm_campaign=social_sharing Title:Test Status:queued Progress:0 Format:wav OutputPath:/Users/will/Downloads/GrooveSync/Test CreatedAt:2025-10-04T15:44:50-04:00 Error: Type:playlist}
2025/10/04 15:49:24 logger.go:41: Logger initialized with rotation
2025/10/04 15:49:58 logger.go:41: Logger initialized with rotation
2025/10/04 15:49:59 logger.go:41: Logger initialized with rotation
2025/10/04 15:50:58 logger.go:41: Logger initialized with rotation
2025/10/04 15:51:05 logger.go:41: Logger initialized with rotation
2025/10/04 15:51:07 logger.go:41: Logger initialized with rotation
2025/10/04 15:51:14 main.go:119: Starting download: URL=https://soundcloud.com/will-mccurry-896547014/sets/test?si=6d6a6bec890e47a696065f30e5730337&utm_source=clipboard&utm_medium=text&utm_campaign=social_sharing, Name=Test, Format=wav, Dir=(default)
2025/10/04 15:51:14 main.go:133: Using default output directory: /Users/will/Downloads/GrooveSync
2025/10/04 15:51:15 main.go:172: Emitting 0 tracks to frontend
2025/10/04 15:51:15 main.go:387: Created download job: &{ID:job_1759607475150456000 URL:https://soundcloud.com/will-mccurry-896547014/sets/test?si=6d6a6bec890e47a696065f30e5730337&utm_source=clipboard&utm_medium=text&utm_campaign=social_sharing Title:Test Status:queued Progress:0 Format:wav OutputPath:/Users/will/Downloads/GrooveSync/Test CreatedAt:2025-10-04T15:51:15-04:00 Error: Type:playlist}
2025/10/04 16:18:48 logger.go:41: Logger initialized with rotation
2025/10/04 16:18:55 logger.go:41: Logger initialized with rotation
2025/10/04 16:18:57 logger.go:41: Logger initialized with rotation
2025/10/04 16:19:13 main.go:119: Starting download: URL=https://soundcloud.com/will-mccurry-896547014/sets/test?si=b12bd16196fe4b61966aa47c4578fe39&utm_source=clipboard&utm_medium=text&utm_campaign=social_sharing, Name=Test, Format=wav, Dir=(default)
2025/10/04 16:19:13 main.go:133: Using default output directory: /Users/will/Downloads/GrooveSync
2025/10/04 16:19:13 main.go:143: Failed to locate yt-dlp binary: yt-dlp binary not found at /Users/will/vscode/go/groovesync-desktop/build/bin/groovesync.app/frontend/dist/bin/yt-dlp_macos: stat /Users/will/vscode/go/groovesync-desktop/build/bin/groovesync.app/frontend/dist/bin/yt-dlp_macos: no such file or directory
2025/10/04 16:27:26 logger.go:41: Logger initialized with rotation
2025/10/04 16:27:35 logger.go:41: Logger initialized with rotation
2025/10/04 16:27:48 main.go:119: Starting download: URL=https://soundcloud.com/will-mccurry-896547014/sets/test?si=04c6b183dd9341069bdfa6211e7c949d&utm_source=clipboard&utm_medium=text&utm_campaign=social_sharing, Name=Test, Format=wav, Dir=(default)
2025/10/04 16:27:48 main.go:133: Using default output directory: /Users/will/Downloads/GrooveSync
2025/10/04 16:27:48 downloader.go:64: Found yt-dlp binary at /opt/homebrew/bin/yt-dlp
2025/10/04 16:27:49 main.go:180: Emitting 0 tracks to frontend
2025/10/04 16:27:49 main.go:385: Created download job: &{ID:job_1759609669862658000 URL:https://soundcloud.com/will-mccurry-896547014/sets/test?si=04c6b183dd9341069bdfa6211e7c949d&utm_source=clipboard&utm_medium=text&utm_campaign=social_sharing Title:Test Status:queued Progress:0 Format:wav OutputPath:/Users/will/Downloads/GrooveSync/Test CreatedAt:2025-10-04T16:27:49-04:00 Error: Type:playlist}
2025/10/04 16:42:40 logger.go:41: Logger initialized with rotation
2025/10/04 16:42:48 logger.go:41: Logger initialized with rotation
2025/10/04 16:42:50 logger.go:41: Logger initialized with rotation
2025/10/04 16:43:12 main.go:120: Starting download: URL=https://soundcloud.com/user-116622885/sets/poppin-vocalz?si=6a9ed02bf85b4a7d8bf89c6bd4ed0ffb&utm_source=clipboard&utm_medium=text&utm_campaign=social_sharing, Name=Poppin_vocals, Format=wav, Dir=(default)
2025/10/04 16:43:12 main.go:134: Using default output directory: /Users/will/Downloads/GrooveSync
2025/10/04 16:43:12 downloader.go:64: Found yt-dlp binary at /opt/homebrew/bin/yt-dlp
2025/10/04 16:43:13 main.go:161: yt-dlp raw output: {"album": "Poppin Vocalz", "album_artist": "XANDER", "album_type": "playlist", "uploader": "XANDER", "uploader_id": "1147110175", "id": "2024138631", "title": "Poppin Vocalz", "_type": "playlist", "entries": [{"album": "Poppin Vocalz", "album_artist": "XANDER", "album_type": "playlist", "ie_key": "Soundcloud", "id": "115307478", "_type": "url_transparent", "url": "https://soundcloud.com/laurawelsh/undiscovered-mike-mago-remix", "__x_forwarded_for_ip": null}, {"album": "Poppin Vocalz", "album_artist": "XANDER", "album_type": "playlist", "ie_key": "Soundcloud", "id": "101668635", "_type": "url_transparent", "url": "https://soundcloud.com/darek-busko/baby-talk-to-me-original-mix", "__x_forwarded_for_ip": null}, {"album": "Poppin Vocalz", "album_artist": "XANDER", "album_type": "playlist", "ie_key": "Soundcloud", "id": "277336660", "_type": "url_transparent", "url": "https://soundcloud.com/kattisonalfie/up-and-down", "__x_forwarded_for_ip": null}, {"album": "Poppin Vocalz", "album_artist": "XANDER", "album_type": "playlist", "ie_key": "Soundcloud", "id": "129381530", "_type": "url_transparent", "url": "https://soundcloud.com/furrrecords/lushington-settle-down-free", "__x_forwarded_for_ip": null}, {"album": "Poppin Vocalz", "album_artist": "XANDER", "album_type": "playlist", "ie_key": "Soundcloud", "id": "231502433", "_type": "url_transparent", "url": "https://soundcloud.com/kstewartmusic/kstewart-aint-nobody-low-steppa-remix-1", "__x_forwarded_for_ip": null}, {"album": "Poppin Vocalz", "album_artist": "XANDER", "album_type": "playlist", "ie_key": "Soundcloud", "id": "1775214249", "_type": "url_transparent", "url": "https://api-v2.soundcloud.com/tracks/1775214249", "__x_forwarded_for_ip": null}, {"album": "Poppin Vocalz", "album_artist": "XANDER", "album_type": "playlist", "ie_key": "Soundcloud", "id": "167992564", "_type": "url_transparent", "url": "https://api-v2.soundcloud.com/tracks/167992564", "__x_forwarded_for_ip": null}, {"album": "Poppin Vocalz", "album_artist": "XANDER", "album_type": "playlist", "ie_key": "Soundcloud", "id": "175933738", "_type": "url_transparent", "url": "https://api-v2.soundcloud.com/tracks/175933738", "__x_forwarded_for_ip": null}, {"album": "Poppin Vocalz", "album_artist": "XANDER", "album_type": "playlist", "ie_key": "Soundcloud", "id": "134290033", "_type": "url_transparent", "url": "https://api-v2.soundcloud.com/tracks/134290033", "__x_forwarded_for_ip": null}, {"album": "Poppin Vocalz", "album_artist": "XANDER", "album_type": "playlist", "ie_key": "Soundcloud", "id": "171262177", "_type": "url_transparent", "url": "https://api-v2.soundcloud.com/tracks/171262177", "__x_forwarded_for_ip": null}, {"album": "Poppin Vocalz", "album_artist": "XANDER", "album_type": "playlist", "ie_key": "Soundcloud", "id": "1271012845", "_type": "url_transparent", "url": "https://api-v2.soundcloud.com/tracks/1271012845", "__x_forwarded_for_ip": null}, {"album": "Poppin Vocalz", "album_artist": "XANDER", "album_type": "playlist", "ie_key": "Soundcloud", "id": "79764159", "_type": "url_transparent", "url": "https://api-v2.soundcloud.com/tracks/79764159", "__x_forwarded_for_ip": null}, {"album": "Poppin Vocalz", "album_artist": "XANDER", "album_type": "playlist", "ie_key": "Soundcloud", "id": "163576154", "_type": "url_transparent", "url": "https://api-v2.soundcloud.com/tracks/163576154", "__x_forwarded_for_ip": null}, {"album": "Poppin Vocalz", "album_artist": "XANDER", "album_type": "playlist", "ie_key": "Soundcloud", "id": "239070292", "_type": "url_transparent", "url": "https://api-v2.soundcloud.com/tracks/239070292", "__x_forwarded_for_ip": null}, {"album": "Poppin Vocalz", "album_artist": "XANDER", "album_type": "playlist", "ie_key": "Soundcloud", "id": "191371852", "_type": "url_transparent", "url": "https://api-v2.soundcloud.com/tracks/191371852", "__x_forwarded_for_ip": null}, {"album": "Poppin Vocalz", "album_artist": "XANDER", "album_type": "playlist", "ie_key": "Soundcloud", "id": "1796958097", "_type": "url_transparent", "url": "https://api-v2.soundcloud.com/tracks/1796958097", "__x_forwarded_for_ip": null}, {"album": "Poppin Vocalz", "album_artist": "XANDER", "album_type": "playlist", "ie_key": "Soundcloud", "id": "164099090", "_type": "url_transparent", "url": "https://api-v2.soundcloud.com/tracks/164099090", "__x_forwarded_for_ip": null}, {"album": "Poppin Vocalz", "album_artist": "XANDER", "album_type": "playlist", "ie_key": "Soundcloud", "id": "147551478", "_type": "url_transparent", "url": "https://api-v2.soundcloud.com/tracks/147551478", "__x_forwarded_for_ip": null}, {"album": "Poppin Vocalz", "album_artist": "XANDER", "album_type": "playlist", "ie_key": "Soundcloud", "id": "165496162", "_type": "url_transparent", "url": "https://api-v2.soundcloud.com/tracks/165496162", "__x_forwarded_for_ip": null}, {"album": "Poppin Vocalz", "album_artist": "XANDER", "album_type": "playlist", "ie_key": "Soundcloud", "id": "186034266", "_type": "url_transparent", "url": "https://api-v2.soundcloud.com/tracks/186034266", "__x_forwarded_for_ip": null}, {"album": "Poppin Vocalz", "album_artist": "XANDER", "album_type": "playlist", "ie_key": "Soundcloud", "id": "1542028762", "_type": "url_transparent", "url": "https://api-v2.soundcloud.com/tracks/1542028762", "__x_forwarded_for_ip": null}, {"album": "Poppin Vocalz", "album_artist": "XANDER", "album_type": "playlist", "ie_key": "Soundcloud", "id": "188551958", "_type": "url_transparent", "url": "https://api-v2.soundcloud.com/tracks/188551958", "__x_forwarded_for_ip": null}, {"album": "Poppin Vocalz", "album_artist": "XANDER", "album_type": "playlist", "ie_key": "Soundcloud", "id": "85308019", "_type": "url_transparent", "url": "https://api-v2.soundcloud.com/tracks/85308019", "__x_forwarded_for_ip": null}, {"album": "Poppin Vocalz", "album_artist": "XANDER", "album_type": "playlist", "ie_key": "Soundcloud", "id": "138369700", "_type": "url_transparent", "url": "https://api-v2.soundcloud.com/tracks/138369700", "__x_forwarded_for_ip": null}, {"album": "Poppin Vocalz", "album_artist": "XANDER", "album_type": "playlist", "ie_key": "Soundcloud", "id": "213210428", "_type": "url_transparent", "url": "https://api-v2.soundcloud.com/tracks/213210428", "__x_forwarded_for_ip": null}, {"album": "Poppin Vocalz", "album_artist": "XANDER", "album_type": "playlist", "ie_key": "Soundcloud", "id": "1373719771", "_type": "url_transparent", "url": "https://api-v2.soundcloud.com/tracks/1373719771", "__x_forwarded_for_ip": null}, {"album": "Poppin Vocalz", "album_artist": "XANDER", "album_type": "playlist", "ie_key": "Soundcloud", "id": "247435252", "_type": "url_transparent", "url": "https://api-v2.soundcloud.com/tracks/247435252", "__x_forwarded_for_ip": null}, {"album": "Poppin Vocalz", "album_artist": "XANDER", "album_type": "playlist", "ie_key": "Soundcloud", "id": "1152391456", "_type": "url_transparent", "url": "https://api-v2.soundcloud.com/tracks/1152391456", "__x_forwarded_for_ip": null}, {"album": "Poppin Vocalz", "album_artist": "XANDER", "album_type": "playlist", "ie_key": "Soundcloud", "id": "68425808", "_type": "url_transparent", "url": "https://api-v2.soundcloud.com/tracks/68425808", "__x_forwarded_for_ip": null}, {"album": "Poppin Vocalz", "album_artist": "XANDER", "album_type": "playlist", "ie_key": "Soundcloud", "id": "244875697", "_type": "url_transparent", "url": "https://api-v2.soundcloud.com/tracks/244875697", "__x_forwarded_for_ip": null}], "webpage_url": "https://soundcloud.com/user-116622885/sets/poppin-vocalz?si=6a9ed02bf85b4a7d8bf89c6bd4ed0ffb&utm_source=clipboard&utm_medium=text&utm_campaign=social_sharing", "original_url": "https://soundcloud.com/user-116622885/sets/poppin-vocalz?si=6a9ed02bf85b4a7d8bf89c6bd4ed0ffb&utm_source=clipboard&utm_medium=text&utm_campaign=social_sharing", "webpage_url_basename": "poppin-vocalz", "webpage_url_domain": "soundcloud.com", "extractor": "soundcloud:set", "extractor_key": "SoundcloudSet", "release_year": null, "album_artists": ["XANDER"], "playlist_count": 30, "epoch": 1759610593, "__files_to_move": {}, "_version": {"version": "2025.09.26", "current_git_head": null, "release_git_head": "12b57d2858845c0c7fb33bf9aa8ed7be6905535d", "repository": "yt-dlp/yt-dlp"}}
2025/10/04 16:43:13 main.go:184: Emitting 0 tracks to frontend
2025/10/04 16:43:13 main.go:389: Created download job: &{ID:job_1759610593760006000 URL:https://soundcloud.com/user-116622885/sets/poppin-vocalz?si=6a9ed02bf85b4a7d8bf89c6bd4ed0ffb&utm_source=clipboard&utm_medium=text&utm_campaign=social_sharing Title:Poppin_vocals Status:queued Progress:0 Format:wav OutputPath:/Users/will/Downloads/GrooveSync/Poppin_vocals CreatedAt:2025-10-04T16:43:13-04:00 Error: Type:playlist}
2025/10/04 16:48:54 logger.go:41: Logger initialized with rotation
2025/10/04 16:49:02 logger.go:41: Logger initialized with rotation
2025/10/04 16:49:03 logger.go:41: Logger initialized with rotation
2025/10/04 16:49:10 logger.go:41: Logger initialized with rotation
2025/10/04 16:49:22 main.go:119: Starting download: URL=https://soundcloud.com/user-116622885/sets/poppin-vocalz?si=24e6609bdf67449a936ae2fc780ad5fc&utm_source=clipboard&utm_medium=text&utm_campaign=social_sharing, Name=Popping_vocals, Format=wav, Dir=(default)
2025/10/04 16:49:22 main.go:133: Using default output directory: /Users/will/Downloads/GrooveSync
2025/10/04 16:49:22 downloader.go:64: Found yt-dlp binary at /opt/homebrew/bin/yt-dlp
2025/10/04 16:49:23 main.go:160: yt-dlp raw output: {"album": "Poppin Vocalz", "album_artist": "XANDER", "album_type": "playlist", "uploader": "XANDER", "uploader_id": "1147110175", "id": "2024138631", "title": "Poppin Vocalz", "_type": "playlist", "entries": [{"album": "Poppin Vocalz", "album_artist": "XANDER", "album_type": "playlist", "ie_key": "Soundcloud", "id": "115307478", "_type": "url_transparent", "url": "https://soundcloud.com/laurawelsh/undiscovered-mike-mago-remix", "__x_forwarded_for_ip": null}, {"album": "Poppin Vocalz", "album_artist": "XANDER", "album_type": "playlist", "ie_key": "Soundcloud", "id": "101668635", "_type": "url_transparent", "url": "https://soundcloud.com/darek-busko/baby-talk-to-me-original-mix", "__x_forwarded_for_ip": null}, {"album": "Poppin Vocalz", "album_artist": "XANDER", "album_type": "playlist", "ie_key": "Soundcloud", "id": "277336660", "_type": "url_transparent", "url": "https://soundcloud.com/kattisonalfie/up-and-down", "__x_forwarded_for_ip": null}, {"album": "Poppin Vocalz", "album_artist": "XANDER", "album_type": "playlist", "ie_key": "Soundcloud", "id": "129381530", "_type": "url_transparent", "url": "https://soundcloud.com/furrrecords/lushington-settle-down-free", "__x_forwarded_for_ip": null}, {"album": "Poppin Vocalz", "album_artist": "XANDER", "album_type": "playlist", "ie_key": "Soundcloud", "id": "231502433", "_type": "url_transparent", "url": "https://soundcloud.com/kstewartmusic/kstewart-aint-nobody-low-steppa-remix-1", "__x_forwarded_for_ip": null}, {"album": "Poppin Vocalz", "album_artist": "XANDER", "album_type": "playlist", "ie_key": "Soundcloud", "id": "1775214249", "_type": "url_transparent", "url": "https://api-v2.soundcloud.com/tracks/1775214249", "__x_forwarded_for_ip": null}, {"album": "Poppin Vocalz", "album_artist": "XANDER", "album_type": "playlist", "ie_key": "Soundcloud", "id": "167992564", "_type": "url_transparent", "url": "https://api-v2.soundcloud.com/tracks/167992564", "__x_forwarded_for_ip": null}, {"album": "Poppin Vocalz", "album_artist": "XANDER", "album_type": "playlist", "ie_key": "Soundcloud", "id": "175933738", "_type": "url_transparent", "url": "https://api-v2.soundcloud.com/tracks/175933738", "__x_forwarded_for_ip": null}, {"album": "Poppin Vocalz", "album_artist": "XANDER", "album_type": "playlist", "ie_key": "Soundcloud", "id": "134290033", "_type": "url_transparent", "url": "https://api-v2.soundcloud.com/tracks/134290033", "__x_forwarded_for_ip": null}, {"album": "Poppin Vocalz", "album_artist": "XANDER", "album_type": "playlist", "ie_key": "Soundcloud", "id": "171262177", "_type": "url_transparent", "url": "https://api-v2.soundcloud.com/tracks/171262177", "__x_forwarded_for_ip": null}, {"album": "Poppin Vocalz", "album_artist": "XANDER", "album_type": "playlist", "ie_key": "Soundcloud", "id": "1271012845", "_type": "url_transparent", "url": "https://api-v2.soundcloud.com/tracks/1271012845", "__x_forwarded_for_ip": null}, {"album": "Poppin Vocalz", "album_artist": "XANDER", "album_type": "playlist", "ie_key": "Soundcloud", "id": "79764159", "_type": "url_transparent", "url": "https://api-v2.soundcloud.com/tracks/79764159", "__x_forwarded_for_ip": null}, {"album": "Poppin Vocalz", "album_artist": "XANDER", "album_type": "playlist", "ie_key": "Soundcloud", "id": "163576154", "_type": "url_transparent", "url": "https://api-v2.soundcloud.com/tracks/163576154", "__x_forwarded_for_ip": null}, {"album": "Poppin Vocalz", "album_artist": "XANDER", "album_type": "playlist", "ie_key": "Soundcloud", "id": "239070292", "_type": "url_transparent", "url": "https://api-v2.soundcloud.com/tracks/239070292", "__x_forwarded_for_ip": null}, {"album": "Poppin Vocalz", "album_artist": "XANDER", "album_type": "playlist", "ie_key": "Soundcloud", "id": "191371852", "_type": "url_transparent", "url": "https://api-v2.soundcloud.com/tracks/191371852", "__x_forwarded_for_ip": null}, {"album": "Poppin Vocalz", "album_artist": "XANDER", "album_type": "playlist", "ie_key": "Soundcloud", "id": "1796958097", "_type": "url_transparent", "url": "https://api-v2.soundcloud.com/tracks/1796958097", "__x_forwarded_for_ip": null}, {"album": "Poppin Vocalz", "album_artist": "XANDER", "album_type": "playlist", "ie_key": "Soundcloud", "id": "164099090", "_type": "url_transparent", "url": "https://api-v2.soundcloud.com/tracks/164099090", "__x_forwarded_for_ip": null}, {"album": "Poppin Vocalz", "album_artist": "XANDER", "album_type": "playlist", "ie_key": "Soundcloud", "id": "147551478", "_type": "url_transparent", "url": "https://api-v2.soundcloud.com/tracks/147551478", "__x_forwarded_for_ip": null}, {"album": "Poppin Vocalz", "album_artist": "XANDER", "album_type": "playlist", "ie_key": "Soundcloud", "id": "165496162", "_type": "url_transparent", "url": "https://api-v2.soundcloud.com/tracks/165496162", "__x_forwarded_for_ip": null}, {"album": "Poppin Vocalz", "album_artist": "XANDER", "album_type": "playlist", "ie_key": "Soundcloud", "id": "186034266", "_type": "url_transparent", "url": "https://api-v2.soundcloud.com/tracks/186034266", "__x_forwarded_for_ip": null}, {"album": "Poppin Vocalz", "album_artist": "XANDER", "album_type": "playlist", "ie_key": "Soundcloud", "id": "1542028762", "_type": "url_transparent", "url": "https://api-v2.soundcloud.com/tracks/1542028762", "__x_forwarded_for_ip": null}, {"album": "Poppin Vocalz", "album_artist": "XANDER", "album_type": "playlist", "ie_key": "Soundcloud", "id": "188551958", "_type": "url_transparent", "url": "https://api-v2.soundcloud.com/tracks/188551958", "__x_forwarded_for_ip": null}, {"album": "Poppin Vocalz", "album_artist": "XANDER", "album_type": "playlist", "ie_key": "Soundcloud", "id": "85308019", "_type": "url_transparent", "url": "https://api-v2.soundcloud.com/tracks/85308019", "__x_forwarded_for_ip": null}, {"album": "Poppin Vocalz", "album_artist": "XANDER", "album_type": "playlist", "ie_key": "Soundcloud", "id": "138369700", "_type": "url_transparent", "url": "https://api-v2.soundcloud.com/tracks/138369700", "__x_forwarded_for_ip": null}, {"album": "Poppin Vocalz", "album_artist": "XANDER", "album_type": "playlist", "ie_key": "Soundcloud", "id": "213210428", "_type": "url_transparent", "url": "https://api-v2.soundcloud.com/tracks/213210428", "__x_forwarded_for_ip": null}, {"album": "Poppin Vocalz", "album_artist": "XANDER", "album_type": "playlist", "ie_key": "Soundcloud", "id": "1373719771", "_type": "url_transparent", "url": "https://api-v2.soundcloud.com/tracks/1373719771", "__x_forwarded_for_ip": null}, {"album": "Poppin Vocalz", "album_artist": "XANDER", "album_type": "playlist", "ie_key": "Soundcloud", "id": "247435252", "_type": "url_transparent", "url": "https://api-v2.soundcloud.com/tracks/247435252", "__x_forwarded_for_ip": null}, {"album": "Poppin Vocalz", "album_artist": "XANDER", "album_type": "playlist", "ie_key": "Soundcloud", "id": "1152391456", "_type": "url_transparent", "url": "https://api-v2.soundcloud.com/tracks/1152391456", "__x_forwarded_for_ip": null}, {"album": "Poppin Vocalz", "album_artist": "XANDER", "album_type": "playlist", "ie_key": "Soundcloud", "id": "68425808", "_type": "url_transparent", "url": "https://api-v2.soundcloud.com/tracks/68425808", "__x_forwarded_for_ip": null}, {"album": "Poppin Vocalz", "album_artist": "XANDER", "album_type": "playlist", "ie_key": "Soundcloud", "id": "244875697", "_type": "url_transparent", "url": "https://api-v2.soundcloud.com/tracks/244875697", "__x_forwarded_for_ip": null}], "webpage_url": "https://soundcloud.com/user-116622885/sets/poppin-vocalz?si=24e6609bdf67449a936ae2fc780ad5fc&utm_source=clipboard&utm_medium=text&utm_campaign=social_sharing", "original_url": "https://soundcloud.com/user-116622885/sets/poppin-vocalz?si=24e6609bdf67449a936ae2fc780ad5fc&utm_source=clipboard&utm_medium=text&utm_campaign=social_sharing", "webpage_url_basename": "poppin-vocalz", "webpage_url_domain": "soundcloud.com", "extractor": "soundcloud:set", "extractor_key": "SoundcloudSet", "release_year": null, "album_artists": ["XANDER"], "playlist_count": 30, "epoch": 1759610963, "__files_to_move": {}, "_version": {"version": "2025.09.26", "current_git_head": null, "release_git_head": "12b57d2858845c0c7fb33bf9aa8ed7be6905535d", "repository": "yt-dlp/yt-dlp"}}
2025/10/04 16:49:23 main.go:188: Emitting 30 tracks to frontend
2025/10/04 16:49:23 main.go:393: Created download job: &{ID:job_1759610963854365000 URL:https://soundcloud.com/user-116622885/sets/poppin-vocalz?si=24e6609bdf67449a936ae2fc780ad5fc&utm_source=clipboard&utm_medium=text&utm_campaign=social_sharing Title:Popping_vocals Status:queued Progress:0 Format:wav OutputPath:/Users/will/Downloads/GrooveSync/Popping_vocals CreatedAt:2025-10-04T16:49:23-04:00 Error: Type:playlist}
2025/10/04 17:11:48 logger.go:41: Logger initialized with rotation
2025/10/04 17:11:55 logger.go:41: Logger initialized with rotation
2025/10/04 17:11:58 logger.go:41: Logger initialized with rotation
2025/10/04 17:12:21 main.go:119: Starting download: URL=https://soundcloud.com/user-116622885/sets/poppin-vocalz?si=57a24b6dc712425cba899ae0bd0acc6e&utm_source=clipboard&utm_medium=text&utm_campaign=social_sharing, Name=poppin_vocals2, Format=wav, Dir=(default)
2025/10/04 17:12:21 main.go:133: Using default output directory: /Users/will/Downloads/GrooveSync
2025/10/04 17:12:21 downloader.go:64: Found yt-dlp binary at /opt/homebrew/bin/yt-dlp
2025/10/04 17:12:23 main.go:160: yt-dlp raw output: {"album": "Poppin Vocalz", "album_artist": "XANDER", "album_type": "playlist", "uploader": "XANDER", "uploader_id": "1147110175", "id": "2024138631", "title": "Poppin Vocalz", "_type": "playlist", "entries": [{"album": "Poppin Vocalz", "album_artist": "XANDER", "album_type": "playlist", "ie_key": "Soundcloud", "id": "115307478", "_type": "url_transparent", "url": "https://soundcloud.com/laurawelsh/undiscovered-mike-mago-remix", "__x_forwarded_for_ip": null}, {"album": "Poppin Vocalz", "album_artist": "XANDER", "album_type": "playlist", "ie_key": "Soundcloud", "id": "101668635", "_type": "url_transparent", "url": "https://soundcloud.com/darek-busko/baby-talk-to-me-original-mix", "__x_forwarded_for_ip": null}, {"album": "Poppin Vocalz", "album_artist": "XANDER", "album_type": "playlist", "ie_key": "Soundcloud", "id": "277336660", "_type": "url_transparent", "url": "https://soundcloud.com/kattisonalfie/up-and-down", "__x_forwarded_for_ip": null}, {"album": "Poppin Vocalz", "album_artist": "XANDER", "album_type": "playlist", "ie_key": "Soundcloud", "id": "129381530", "_type": "url_transparent", "url": "https://soundcloud.com/furrrecords/lushington-settle-down-free", "__x_forwarded_for_ip": null}, {"album": "Poppin Vocalz", "album_artist": "XANDER", "album_type": "playlist", "ie_key": "Soundcloud", "id": "231502433", "_type": "url_transparent", "url": "https://soundcloud.com/kstewartmusic/kstewart-aint-nobody-low-steppa-remix-1", "__x_forwarded_for_ip": null}, {"album": "Poppin Vocalz", "album_artist": "XANDER", "album_type": "playlist", "ie_key": "Soundcloud", "id": "1775214249", "_type": "url_transparent", "url": "https://api-v2.soundcloud.com/tracks/1775214249", "__x_forwarded_for_ip": null}, {"album": "Poppin Vocalz", "album_artist": "XANDER", "album_type": "playlist", "ie_key": "Soundcloud", "id": "167992564", "_type": "url_transparent", "url": "https://api-v2.soundcloud.com/tracks/167992564", "__x_forwarded_for_ip": null}, {"album": "Poppin Vocalz", "album_artist": "XANDER", "album_type": "playlist", "ie_key": "Soundcloud", "id": "175933738", "_type": "url_transparent", "url": "https://api-v2.soundcloud.com/tracks/175933738", "__x_forwarded_for_ip": null}, {"album": "Poppin Vocalz", "album_artist": "XANDER", "album_type": "playlist", "ie_key": "Soundcloud", "id": "134290033", "_type": "url_transparent", "url": "https://api-v2.soundcloud.com/tracks/134290033", "__x_forwarded_for_ip": null}, {"album": "Poppin Vocalz", "album_artist": "XANDER", "album_type": "playlist", "ie_key": "Soundcloud", "id": "171262177", "_type": "url_transparent", "url": "https://api-v2.soundcloud.com/tracks/171262177", "__x_forwarded_for_ip": null}, {"album": "Poppin Vocalz", "album_artist": "XANDER", "album_type": "playlist", "ie_key": "Soundcloud", "id": "1271012845", "_type": "url_transparent", "url": "https://api-v2.soundcloud.com/tracks/1271012845", "__x_forwarded_for_ip": null}, {"album": "Poppin Vocalz", "album_artist": "XANDER", "album_type": "playlist", "ie_key": "Soundcloud", "id": "79764159", "_type": "url_transparent", "url": "https://api-v2.soundcloud.com/tracks/79764159", "__x_forwarded_for_ip": null}, {"album": "Poppin Vocalz", "album_artist": "XANDER", "album_type": "playlist", "ie_key": "Soundcloud", "id": "163576154", "_type": "url_transparent", "url": "https://api-v2.soundcloud.com/tracks/163576154", "__x_forwarded_for_ip": null}, {"album": "Poppin Vocalz", "album_artist": "XANDER", "album_type": "playlist", "ie_key": "Soundcloud", "id": "239070292", "_type": "url_transparent", "url": "https://api-v2.soundcloud.com/tracks/239070292", "__x_forwarded_for_ip": null}, {"album": "Poppin Vocalz", "album_artist": "XANDER", "album_type": "playlist", "ie_key": "Soundcloud", "id": "191371852", "_type": "url_transparent", "url": "https://api-v2.soundcloud.com/tracks/191371852", "__x_forwarded_for_ip": null}, {"album": "Poppin Vocalz", "album_artist": "XANDER", "album_type": "playlist", "ie_key": "Soundcloud", "id": "1796958097", "_type": "url_transparent", "url": "https://api-v2.soundcloud.com/tracks/1796958097", "__x_forwarded_for_ip": null}, {"album": "Poppin Vocalz", "album_artist": "XANDER", "album_type": "playlist", "ie_key": "Soundcloud", "id": "164099090", "_type": "url_transparent", "url": "https://api-v2.soundcloud.com/tracks/164099090", "__x_forwarded_for_ip": null}, {"album": "Poppin Vocalz", "album_artist": "XANDER", "album_type": "playlist", "ie_key": "Soundcloud", "id": "147551478", "_type": "url_transparent", "url": "https://api-v2.soundcloud.com/tracks/147551478", "__x_forwarded_for_ip": null}, {"album": "Poppin Vocalz", "album_artist": "XANDER", "album_type": "playlist", "ie_key": "Soundcloud", "id": "165496162", "_type": "url_transparent", "url": "https://api-v2.soundcloud.com/tracks/165496162", "__x_forwarded_for_ip": null}, {"album": "Poppin Vocalz", "album_artist": "XANDER", "album_type": "playlist", "ie_key": "Soundcloud", "id": "186034266", "_type": "url_transparent", "url": "https://api-v2.soundcloud.com/tracks/186034266", "__x_forwarded_for_ip": null}, {"album": "Poppin Vocalz", "album_artist": "XANDER", "album_type": "playlist", "ie_key": "Soundcloud", "id": "1542028762", "_type": "url_transparent", "url": "https://api-v2.soundcloud.com/tracks/1542028762", "__x_forwarded_for_ip": null}, {"album": "Poppin Vocalz", "album_artist": "XANDER", "album_type": "playlist", "ie_key": "Soundcloud", "id": "188551958", "_type": "url_transparent", "url": "https://api-v2.soundcloud.com/tracks/188551958", "__x_forwarded_for_ip": null}, {"album": "Poppin Vocalz", "album_artist": "XANDER", "album_type": "playlist", "ie_key": "Soundcloud", "id": "85308019", "_type": "url_transparent", "url": "https://api-v2.soundcloud.com/tracks/85308019", "__x_forwarded_for_ip": null}, {"album": "Poppin Vocalz", "album_artist": "XANDER", "album_type": "playlist", "ie_key": "Soundcloud", "id": "138369700", "_type": "url_transparent", "url": "https://api-v2.soundcloud.com/tracks/138369700", "__x_forwarded_for_ip": null}, {"album": "Poppin Vocalz", "album_artist": "XANDER", "album_type": "playlist", "ie_key": "Soundcloud", "id": "213210428", "_type": "url_transparent", "url": "https://api-v2.soundcloud.com/tracks/213210428", "__x_forwarded_for_ip": null}, {"album": "Poppin Vocalz", "album_artist": "XANDER", "album_type": "playlist", "ie_key": "Soundcloud", "id": "1373719771", "_type": "url_transparent", "url": "https://api-v2.soundcloud.com/tracks/1373719771", "__x_forwarded_for_ip": null}, {"album": "Poppin Vocalz", "album_artist": "XANDER", "album_type": "playlist", "ie_key": "Soundcloud", "id": "247435252", "_type": "url_transparent", "url": "https://api-v2.soundcloud.com/tracks/247435252", "__x_forwarded_for_ip": null}, {"album": "Poppin Vocalz", "album_artist": "XANDER", "album_type": "playlist", "ie_key": "Soundcloud", "id": "1152391456", "_type": "url_transparent", "url": "https://api-v2.soundcloud.com/tracks/1152391456", "__x_forwarded_for_ip": null}, {"album": "Poppin Vocalz", "album_artist": "XANDER", "album_type": "playlist", "ie_key": "Soundcloud", "id": "68425808", "_type": "url_transparent", "url": "https://api-v2.soundcloud.com/tracks/68425808", "__x_forwarded_for_ip": null}, {"album": "Poppin Vocalz", "album_artist": "XANDER", "album_type": "playlist", "ie_key": "Soundcloud", "id": "244875697", "_type": "url_transparent", "url": "https://api-v2.soundcloud.com/tracks/244875697", "__x_forwarded_for_ip": null}], "webpage_url": "https://soundcloud.com/user-116622885/sets/poppin-vocalz?si=57a24b6dc712425cba899ae0bd0acc6e&utm_source=clipboard&utm_medium=text&utm_campaign=social_sharing", "original_url": "https://soundcloud.com/user-116622885/sets/poppin-vocalz?si=57a24b6dc712425cba899ae0bd0acc6e&utm_source=clipboard&utm_medium=text&utm_campaign=social_sharing", "webpage_url_basename": "poppin-vocalz", "webpage_url_domain": "soundcloud.com", "extractor": "soundcloud:set", "extractor_key": "SoundcloudSet", "release_year": null, "album_artists": ["XANDER"], "playlist_count": 30, "epoch": 1759612343, "__files_to_move": {}, "_version": {"version": "2025.09.26", "current_git_head": null, "release_git_head": "12b57d2858845c0c7fb33bf9aa8ed7be6905535d", "repository": "yt-dlp/yt-dlp"}}
2025/10/04 17:12:23 main.go:188: Emitting 30 tracks to frontend
2025/10/04 17:12:23 main.go:393: Created download job: &{ID:job_1759612343150084000 URL:https://soundcloud.com/user-116622885/sets/poppin-vocalz?si=57a24b6dc712425cba899ae0bd0acc6e&utm_source=clipboard&utm_medium=text&utm_campaign=social_sharing Title:poppin_vocals2 Status:queued Progress:0 Format:wav OutputPath:/Users/will/Downloads/GrooveSync/poppin_vocals2 CreatedAt:2025-10-04T17:12:23-04:00 Error: Type:playlist}
2025/10/04 17:20:16 logger.go:41: Logger initialized with rotation
2025/10/04 17:20:24 logger.go:41: Logger initialized with rotation
2025/10/04 17:20:26 logger.go:41: Logger initialized with rotation
2025/10/04 17:20:49 main.go:119: Starting download: URL=https://soundcloud.com/user-116622885/sets/poppin-vocalz?si=6ec30dc946c842169320f287424274f3&utm_source=clipboard&utm_medium=text&utm_campaign=social_sharing, Name=poppin_vocals, Format=wav, Dir=(default)
2025/10/04 17:20:49 main.go:133: Using default output directory: /Users/will/Downloads/GrooveSync
2025/10/04 17:20:49 downloader.go:64: Found yt-dlp binary at /opt/homebrew/bin/yt-dlp
2025/10/04 17:20:50 main.go:160: yt-dlp raw output: {"album": "Poppin Vocalz", "album_artist": "XANDER", "album_type": "playlist", "uploader": "XANDER", "uploader_id": "1147110175", "id": "2024138631", "title": "Poppin Vocalz", "_type": "playlist", "entries": [{"album": "Poppin Vocalz", "album_artist": "XANDER", "album_type": "playlist", "ie_key": "Soundcloud", "id": "115307478", "_type": "url_transparent", "url": "https://soundcloud.com/laurawelsh/undiscovered-mike-mago-remix", "__x_forwarded_for_ip": null}, {"album": "Poppin Vocalz", "album_artist": "XANDER", "album_type": "playlist", "ie_key": "Soundcloud", "id": "101668635", "_type": "url_transparent", "url": "https://soundcloud.com/darek-busko/baby-talk-to-me-original-mix", "__x_forwarded_for_ip": null}, {"album": "Poppin Vocalz", "album_artist": "XANDER", "album_type": "playlist", "ie_key": "Soundcloud", "id": "277336660", "_type": "url_transparent", "url": "https://soundcloud.com/kattisonalfie/up-and-down", "__x_forwarded_for_ip": null}, {"album": "Poppin Vocalz", "album_artist": "XANDER", "album_type": "playlist", "ie_key": "Soundcloud", "id": "129381530", "_type": "url_transparent", "url": "https://soundcloud.com/furrrecords/lushington-settle-down-free", "__x_forwarded_for_ip": null}, {"album": "Poppin Vocalz", "album_artist": "XANDER", "album_type": "playlist", "ie_key": "Soundcloud", "id": "231502433", "_type": "url_transparent", "url": "https://soundcloud.com/kstewartmusic/kstewart-aint-nobody-low-steppa-remix-1", "__x_forwarded_for_ip": null}, {"album": "Poppin Vocalz", "album_artist": "XANDER", "album_type": "playlist", "ie_key": "Soundcloud", "id": "1775214249", "_type": "url_transparent", "url": "https://api-v2.soundcloud.com/tracks/1775214249", "__x_forwarded_for_ip": null}, {"album": "Poppin Vocalz", "album_artist": "XANDER", "album_type": "playlist", "ie_key": "Soundcloud", "id": "167992564", "_type": "url_transparent", "url": "https://api-v2.soundcloud.com/tracks/167992564", "__x_forwarded_for_ip": null}, {"album": "Poppin Vocalz", "album_artist": "XANDER", "album_type": "playlist", "ie_key": "Soundcloud", "id": "175933738", "_type": "url_transparent", "url": "https://api-v2.soundcloud.com/tracks/175933738", "__x_forwarded_for_ip": null}, {"album": "Poppin Vocalz", "album_artist": "XANDER", "album_type": "playlist", "ie_key": "Soundcloud", "id": "134290033", "_type": "url_transparent", "url": "https://api-v2.soundcloud.com/tracks/134290033", "__x_forwarded_for_ip": null}, {"album": "Poppin Vocalz", "album_artist": "XANDER", "album_type": "playlist", "ie_key": "Soundcloud", "id": "171262177", "_type": "url_transparent", "url": "https://api-v2.soundcloud.com/tracks/171262177", "__x_forwarded_for_ip": null}, {"album": "Poppin Vocalz", "album_artist": "XANDER", "album_type": "playlist", "ie_key": "Soundcloud", "id": "1271012845", "_type": "url_transparent", "url": "https://api-v2.soundcloud.com/tracks/1271012845", "__x_forwarded_for_ip": null}, {"album": "Poppin Vocalz", "album_artist": "XANDER", "album_type": "playlist", "ie_key": "Soundcloud", "id": "79764159", "_type": "url_transparent", "url": "https://api-v2.soundcloud.com/tracks/79764159", "__x_forwarded_for_ip": null}, {"album": "Poppin Vocalz", "album_artist": "XANDER", "album_type": "playlist", "ie_key": "Soundcloud", "id": "163576154", "_type": "url_transparent", "url": "https://api-v2.soundcloud.com/tracks/163576154", "__x_forwarded_for_ip": null}, {"album": "Poppin Vocalz", "album_artist": "XANDER", "album_type": "playlist", "ie_key": "Soundcloud", "id": "239070292", "_type": "url_transparent", "url": "https://api-v2.soundcloud.com/tracks/239070292", "__x_forwarded_for_ip": null}, {"album": "Poppin Vocalz", "album_artist": "XANDER", "album_type": "playlist", "ie_key": "Soundcloud", "id": "191371852", "_type": "url_transparent", "url": "https://api-v2.soundcloud.com/tracks/191371852", "__x_forwarded_for_ip": null}, {"album": "Poppin Vocalz", "album_artist": "XANDER", "album_type": "playlist", "ie_key": "Soundcloud", "id": "1796958097", "_type": "url_transparent", "url": "https://api-v2.soundcloud.com/tracks/1796958097", "__x_forwarded_for_ip": null}, {"album": "Poppin Vocalz", "album_artist": "XANDER", "album_type": "playlist", "ie_key": "Soundcloud", "id": "164099090", "_type": "url_transparent", "url": "https://api-v2.soundcloud.com/tracks/164099090", "__x_forwarded_for_ip": null}, {"album": "Poppin Vocalz", "album_artist": "XANDER", "album_type": "playlist", "ie_key": "Soundcloud", "id": "147551478", "_type": "url_transparent", "url": "https://api-v2.soundcloud.com/tracks/147551478", "__x_forwarded_for_ip": null}, {"album": "Poppin Vocalz", "album_artist": "XANDER", "album_type": "playlist", "ie_key": "Soundcloud", "id": "165496162", "_type": "url_transparent", "url": "https://api-v2.soundcloud.com/tracks/165496162", "__x_forwarded_for_ip": null}, {"album": "Poppin Vocalz", "album_artist": "XANDER", "album_type": "playlist", "ie_key": "Soundcloud", "id": "186034266", "_type": "url_transparent", "url": "https://api-v2.soundcloud.com/tracks/186034266", "__x_forwarded_for_ip": null}, {"album": "Poppin Vocalz", "album_artist": "XANDER", "album_type": "playlist", "ie_key": "Soundcloud", "id": "1542028762", "_type": "url_transparent", "url": "https://api-v2.soundcloud.com/tracks/1542028762", "__x_forwarded_for_ip": null}, {"album": "Poppin Vocalz", "album_artist": "XANDER", "album_type": "playlist", "ie_key": "Soundcloud", "id": "188551958", "_type": "url_transparent", "url": "https://api-v2.soundcloud.com/tracks/188551958", "__x_forwarded_for_ip": null}, {"album": "Poppin Vocalz", "album_artist": "XANDER", "album_type": "playlist", "ie_key": "Soundcloud", "id": "85308019", "_type": "url_transparent", "url": "https://api-v2.soundcloud.com/tracks/85308019", "__x_forwarded_for_ip": null}, {"album": "Poppin Vocalz", "album_artist": "XANDER", "album_type": "playlist", "ie_key": "Soundcloud", "id": "138369700", "_type": "url_transparent", "url": "https://api-v2.soundcloud.com/tracks/138369700", "__x_forwarded_for_ip": null}, {"album": "Poppin Vocalz", "album_artist": "XANDER", "album_type": "playlist", "ie_key": "Soundcloud", "id": "213210428", "_type": "url_transparent", "url": "https://api-v2.soundcloud.com/tracks/213210428", "__x_forwarded_for_ip": null}, {"album": "Poppin Vocalz", "album_artist": "XANDER", "album_type": "playlist", "ie_key": "Soundcloud", "id": "1373719771", "_type": "url_transparent", "url": "https://api-v2.soundcloud.com/tracks/1373719771", "__x_forwarded_for_ip": null}, {"album": "Poppin Vocalz", "album_artist": "XANDER", "album_type": "playlist", "ie_key": "Soundcloud", "id": "247435252", "_type": "url_transparent", "url": "https://api-v2.soundcloud.com/tracks/247435252", "__x_forwarded_for_ip": null}, {"album": "Poppin Vocalz", "album_artist": "XANDER", "album_type": "playlist", "ie_key": "Soundcloud", "id": "1152391456", "_type": "url_transparent", "url": "https://api-v2.soundcloud.com/tracks/1152391456", "__x_forwarded_for_ip": null}, {"album": "Poppin Vocalz", "album_artist": "XANDER", "album_type": "playlist", "ie_key": "Soundcloud", "id": "68425808", "_type": "url_transparent", "url": "https://api-v2.soundcloud.com/tracks/68425808", "__x_forwarded_for_ip": null}, {"album": "Poppin Vocalz", "album_artist": "XANDER", "album_type": "playlist", "ie_key": "Soundcloud", "id": "244875697", "_type": "url_transparent", "url": "https://api-v2.soundcloud.com/tracks/244875697", "__x_forwarded_for_ip": null}], "webpage_url": "https://soundcloud.com/user-116622885/sets/poppin-vocalz?si=6ec30dc946c842169320f287424274f3&utm_source=clipboard&utm_medium=text&utm_campaign=social_sharing", "original_url": "https://soundcloud.com/user-116622885/sets/poppin-vocalz?si=6ec30dc946c842169320f287424274f3&utm_source=clipboard&utm_medium=text&utm_campaign=social_sharing", "webpage_url_basename": "poppin-vocalz", "webpage_url_domain": "soundcloud.com", "extractor": "soundcloud:set", "extractor_key": "SoundcloudSet", "release_year": null, "album_artists": ["XANDER"], "playlist_count": 30, "epoch": 1759612850, "__files_to_move": {}, "_version": {"version": "2025.09.26", "current_git_head": null, "release_git_head": "12b57d2858845c0c7fb33bf9aa8ed7be6905535d", "repository": "yt-dlp/yt-dlp"}}
2025/10/04 17:20:50 main.go:188: Emitting 30 tracks to frontend
2025/10/04 17:20:50 main.go:393: Created download job: &{ID:job_1759612850075297000 URL:https://soundcloud.com/user-116622885/sets/poppin-vocalz?si=6ec30dc946c842169320f287424274f3&utm_source=clipboard&utm_medium=text&utm_campaign=social_sharing Title:poppin_vocals Status:queued Progress:0 Format:wav OutputPath:/Users/will/Downloads/GrooveSync/poppin_vocals CreatedAt:2025-10-04T17:20:50-04:00 Error: Type:playlist}
2025/10/04 17:25:12 logger.go:41: Logger initialized with rotation
2025/10/04 17:25:20 logger.go:41: Logger initialized with rotation
2025/10/04 17:25:22 logger.go:41: Logger initialized with rotation
2025/10/04 17:25:33 main.go:119: Starting download: URL=https://soundcloud.com/user-116622885/sets/poppin-vocalz?si=81f2733ebf01434d986c60f551eaaa31&utm_source=clipboard&utm_medium=text&utm_campaign=social_sharing, Name=poppin_pussy, Format=wav, Dir=(default)
2025/10/04 17:25:33 main.go:133: Using default output directory: /Users/will/Downloads/GrooveSync
2025/10/04 17:25:33 downloader.go:64: Found yt-dlp binary at /opt/homebrew/bin/yt-dlp
2025/10/04 17:25:34 main.go:160: yt-dlp raw output: {"album": "Poppin Vocalz", "album_artist": "XANDER", "album_type": "playlist", "uploader": "XANDER", "uploader_id": "1147110175", "id": "2024138631", "title": "Poppin Vocalz", "_type": "playlist", "entries": [{"album": "Poppin Vocalz", "album_artist": "XANDER", "album_type": "playlist", "ie_key": "Soundcloud", "id": "115307478", "_type": "url_transparent", "url": "https://soundcloud.com/laurawelsh/undiscovered-mike-mago-remix", "__x_forwarded_for_ip": null}, {"album": "Poppin Vocalz", "album_artist": "XANDER", "album_type": "playlist", "ie_key": "Soundcloud", "id": "101668635", "_type": "url_transparent", "url": "https://soundcloud.com/darek-busko/baby-talk-to-me-original-mix", "__x_forwarded_for_ip": null}, {"album": "Poppin Vocalz", "album_artist": "XANDER", "album_type": "playlist", "ie_key": "Soundcloud", "id": "277336660", "_type": "url_transparent", "url": "https://soundcloud.com/kattisonalfie/up-and-down", "__x_forwarded_for_ip": null}, {"album": "Poppin Vocalz", "album_artist": "XANDER", "album_type": "playlist", "ie_key": "Soundcloud", "id": "129381530", "_type": "url_transparent", "url": "https://soundcloud.com/furrrecords/lushington-settle-down-free", "__x_forwarded_for_ip": null}, {"album": "Poppin Vocalz", "album_artist": "XANDER", "album_type": "playlist", "ie_key": "Soundcloud", "id": "231502433", "_type": "url_transparent", "url": "https://soundcloud.com/kstewartmusic/kstewart-aint-nobody-low-steppa-remix-1", "__x_forwarded_for_ip": null}, {"album": "Poppin Vocalz", "album_artist": "XANDER", "album_type": "playlist", "ie_key": "Soundcloud", "id": "1775214249", "_type": "url_transparent", "url": "https://api-v2.soundcloud.com/tracks/1775214249", "__x_forwarded_for_ip": null}, {"album": "Poppin Vocalz", "album_artist": "XANDER", "album_type": "playlist", "ie_key": "Soundcloud", "id": "167992564", "_type": "url_transparent", "url": "https://api-v2.soundcloud.com/tracks/167992564", "__x_forwarded_for_ip": null}, {"album": "Poppin Vocalz", "album_artist": "XANDER", "album_type": "playlist", "ie_key": "Soundcloud", "id": "175933738", "_type": "url_transparent", "url": "https://api-v2.soundcloud.com/tracks/175933738", "__x_forwarded_for_ip": null}, {"album": "Poppin Vocalz", "album_artist": "XANDER", "album_type": "playlist", "ie_key": "Soundcloud", "id": "134290033", "_type": "url_transparent", "url": "https://api-v2.soundcloud.com/tracks/134290033", "__x_forwarded_for_ip": null}, {"album": "Poppin Vocalz", "album_artist": "XANDER", "album_type": "playlist", "ie_key": "Soundcloud", "id": "171262177", "_type": "url_transparent", "url": "https://api-v2.soundcloud.com/tracks/171262177", "__x_forwarded_for_ip": null}, {"album": "Poppin Vocalz", "album_artist": "XANDER", "album_type": "playlist", "ie_key": "Soundcloud", "id": "1271012845", "_type": "url_transparent", "url": "https://api-v2.soundcloud.com/tracks/1271012845", "__x_forwarded_for_ip": null}, {"album": "Poppin Vocalz", "album_artist": "XANDER", "album_type": "playlist", "ie_key": "Soundcloud", "id": "79764159", "_type": "url_transparent", "url": "https://api-v2.soundcloud.com/tracks/79764159", "__x_forwarded_for_ip": null}, {"album": "Poppin Vocalz", "album_artist": "XANDER", "album_type": "playlist", "ie_key": "Soundcloud", "id": "163576154", "_type": "url_transparent", "url": "https://api-v2.soundcloud.com/tracks/163576154", "__x_forwarded_for_ip": null}, {"album": "Poppin Vocalz", "album_artist": "XANDER", "album_type": "playlist", "ie_key": "Soundcloud", "id": "239070292", "_type": "url_transparent", "url": "https://api-v2.soundcloud.com/tracks/239070292", "__x_forwarded_for_ip": null}, {"album": "Poppin Vocalz", "album_artist": "XANDER", "album_type": "playlist", "ie_key": "Soundcloud", "id": "191371852", "_type": "url_transparent", "url": "https://api-v2.soundcloud.com/tracks/191371852", "__x_forwarded_for_ip": null}, {"album": "Poppin Vocalz", "album_artist": "XANDER", "album_type": "playlist", "ie_key": "Soundcloud", "id": "1796958097", "_type": "url_transparent", "url": "https://api-v2.soundcloud.com/tracks/1796958097", "__x_forwarded_for_ip": null}, {"album": "Poppin Vocalz", "album_artist": "XANDER", "album_type": "playlist", "ie_key": "Soundcloud", "id": "164099090", "_type": "url_transparent", "url": "https://api-v2.soundcloud.com/tracks/164099090", "__x_forwarded_for_ip": null}, {"album": "Poppin Vocalz", "album_artist": "XANDER", "album_type": "playlist", "ie_key": "Soundcloud", "id": "147551478", "_type": "url_transparent", "url": "https://api-v2.soundcloud.com/tracks/147551478", "__x_forwarded_for_ip": null}, {"album": "Poppin Vocalz", "album_artist": "XANDER", "album_type": "playlist", "ie_key": "Soundcloud", "id": "165496162", "_type": "url_transparent", "url": "https://api-v2.soundcloud.com/tracks/165496162", "__x_forwarded_for_ip": null}, {"album": "Poppin Vocalz", "album_artist": "XANDER", "album_type": "playlist", "ie_key": "Soundcloud", "id": "186034266", "_type": "url_transparent", "url": "https://api-v2.soundcloud.com/tracks/186034266", "__x_forwarded_for_ip": null}, {"album": "Poppin Vocalz", "album_artist": "XANDER", "album_type": "playlist", "ie_key": "Soundcloud", "id": "1542028762", "_type": "url_transparent", "url": "https://api-v2.soundcloud.com/tracks/1542028762", "__x_forwarded_for_ip": null}, {"album": "Poppin Vocalz", "album_artist": "XANDER", "album_type": "playlist", "ie_key": "Soundcloud", "id": "188551958", "_type": "url_transparent", "url": "https://api-v2.soundcloud.com/tracks/188551958", "__x_forwarded_for_ip": null}, {"album": "Poppin Vocalz", "album_artist": "XANDER", "album_type": "playlist", "ie_key": "Soundcloud", "id": "85308019", "_type": "url_transparent", "url": "https://api-v2.soundcloud.com/tracks/85308019", "__x_forwarded_for_ip": null}, {"album": "Poppin Vocalz", "album_artist": "XANDER", "album_type": "playlist", "ie_key": "Soundcloud", "id": "138369700", "_type": "url_transparent", "url": "https://api-v2.soundcloud.com/tracks/138369700", "__x_forwarded_for_ip": null}, {"album": "Poppin Vocalz", "album_artist": "XANDER", "album_type": "playlist", "ie_key": "Soundcloud", "id": "213210428", "_type": "url_transparent", "url": "https://api-v2.soundcloud.com/tracks/213210428", "__x_forwarded_for_ip": null}, {"album": "Poppin Vocalz", "album_artist": "XANDER", "album_type": "playlist", "ie_key": "Soundcloud", "id": "1373719771", "_type": "url_transparent", "url": "https://api-v2.soundcloud.com/tracks/1373719771", "__x_forwarded_for_ip": null}, {"album": "Poppin Vocalz", "album_artist": "XANDER", "album_type": "playlist", "ie_key": "Soundcloud", "id": "247435252", "_type": "url_transparent", "url": "https://api-v2.soundcloud.com/tracks/247435252", "__x_forwarded_for_ip": null}, {"album": "Poppin Vocalz", "album_artist": "XANDER", "album_type": "playlist", "ie_key": "Soundcloud", "id": "1152391456", "_type": "url_transparent", "url": "https://api-v2.soundcloud.com/tracks/1152391456", "__x_forwarded_for_ip": null}, {"album": "Poppin Vocalz", "album_artist": "XANDER", "album_type": "playlist", "ie_key": "Soundcloud", "id": "68425808", "_type": "url_transparent", "url": "https://api-v2.soundcloud.com/tracks/68425808", "__x_forwarded_for_ip": null}, {"album": "Poppin Vocalz", "album_artist": "XANDER", "album_type": "playlist", "ie_key": "Soundcloud", "id": "244875697", "_type": "url_transparent", "url": "https://api-v2.soundcloud.com/tracks/244875697", "__x_forwarded_for_ip": null}], "webpage_url": "https://soundcloud.com/user-116622885/sets/poppin-vocalz?si=81f2733ebf01434d986c60f551eaaa31&utm_source=clipboard&utm_medium=text&utm_campaign=social_sharing", "original_url": "https://soundcloud.com/user-116622885/sets/poppin-vocalz?si=81f2733ebf01434d986c60f551eaaa31&utm_source=clipboard&utm_medium=text&utm_campaign=social_sharing", "webpage_url_basename": "poppin-vocalz", "webpage_url_domain": "soundcloud.com", "extractor": "soundcloud:set", "extractor_key": "SoundcloudSet", "release_year": null, "album_artists": ["XANDER"], "playlist_count": 30, "epoch": 1759613134, "__files_to_move": {}, "_version": {"version": "2025.09.26", "current_git_head": null, "release_git_head": "12b57d2858845c0c7fb33bf9aa8ed7be6905535d", "repository": "yt-dlp/yt-dlp"}}
2025/10/04 17:25:34 main.go:188: Emitting 30 tracks to frontend
2025/10/04 17:25:34 main.go:394: Created download job: &{ID:job_1759613134703332000 URL:https://soundcloud.com/user-116622885/sets/poppin-vocalz?si=81f2733ebf01434d986c60f551eaaa31&utm_source=clipboard&utm_medium=text&utm_campaign=social_sharing Title:poppin_pussy Status:queued Progress:0 Format:wav OutputPath:/Users/will/Downloads/GrooveSync/poppin_pussy CreatedAt:2025-10-04T17:25:34-04:00 Error: Type:playlist}
